
Kiran@DESKTOP-2GS90TA MINGW64 ~/Desktop
$ mkdir repository

Kiran@DESKTOP-2GS90TA MINGW64 ~/Desktop
$ cd repository

Kiran@DESKTOP-2GS90TA MINGW64 ~/Desktop/repository
$ ls -lart
total 4
drwxr-xr-x 1 Kiran 197121 0 Jun  1 14:03 ../
drwxr-xr-x 1 Kiran 197121 0 Jun  1 14:03 ./

Kiran@DESKTOP-2GS90TA MINGW64 ~/Desktop/repository
$ git init
Initialized empty Git repository in C:/Users/Kiran/Desktop/repository/.git/

Kiran@DESKTOP-2GS90TA MINGW64 ~/Desktop/repository (master)
$ git config --global --list
user.name=Basava Kiran
user.email=basavakiran134@gmail.com

Kiran@DESKTOP-2GS90TA MINGW64 ~/Desktop/repository (master)
$ git config --local --list
core.repositoryformatversion=0
core.filemode=false
core.bare=false
core.logallrefupdates=true
core.symlinks=false
core.ignorecase=true

Kiran@DESKTOP-2GS90TA MINGW64 ~/Desktop/repository (master)
$ git config --system --list
diff.astextplain.textconv=astextplain
filter.lfs.clean=git-lfs clean -- %f
filter.lfs.smudge=git-lfs smudge -- %f
filter.lfs.process=git-lfs filter-process
filter.lfs.required=true
http.sslbackend=openssl
http.sslcainfo=C:/Program Files/Git/mingw64/ssl/certs/ca-bundle.crt
core.autocrlf=true
core.fscache=true
core.symlinks=false
pull.rebase=false
credential.helper=manager-core
credential.https://dev.azure.com.usehttppath=true
init.defaultbranch=master

Kiran@DESKTOP-2GS90TA MINGW64 ~/Desktop/repository (master)
$ ls -lart
total 8
drwxr-xr-x 1 Kiran 197121 0 Jun  1 14:03 ../
drwxr-xr-x 1 Kiran 197121 0 Jun  1 14:04 ./
drwxr-xr-x 1 Kiran 197121 0 Jun  1 14:04 .git/

Kiran@DESKTOP-2GS90TA MINGW64 ~/Desktop/repository (master)
$ git config Phone.Number "9535352050"

Kiran@DESKTOP-2GS90TA MINGW64 ~/Desktop/repository (master)
$ git config --global --list
user.name=Basava Kiran
user.email=basavakiran134@gmail.com

Kiran@DESKTOP-2GS90TA MINGW64 ~/Desktop/repository (master)
$ git config --global Phone.Number "9535352050"

Kiran@DESKTOP-2GS90TA MINGW64 ~/Desktop/repository (master)
$ git config --global --list
user.name=Basava Kiran
user.email=basavakiran134@gmail.com
phone.number=9535352050

Kiran@DESKTOP-2GS90TA MINGW64 ~/Desktop/repository (master)
$ cat ~/.gitconfig
[user]
        name = Basava Kiran
        email = basavakiran134@gmail.com
[Phone]
        Number = 9535352050

Kiran@DESKTOP-2GS90TA MINGW64 ~/Desktop/repository (master)
$ cat .git/config
[core]
        repositoryformatversion = 0
        filemode = false
        bare = false
        logallrefupdates = true
        symlinks = false
        ignorecase = true
[Phone]
        Number = 9535352050

Kiran@DESKTOP-2GS90TA MINGW64 ~/Desktop/repository (master)
$ git status
On branch master

No commits yet

nothing to commit (create/copy files and use "git add" to track)

Kiran@DESKTOP-2GS90TA MINGW64 ~/Desktop/repository (master)
$ echo "First File"
First File

Kiran@DESKTOP-2GS90TA MINGW64 ~/Desktop/repository (master)
$ echo "First File" >> Readme.txt

Kiran@DESKTOP-2GS90TA MINGW64 ~/Desktop/repository (master)
$ ls -lart
total 9
drwxr-xr-x 1 Kiran 197121  0 Jun  1 14:03 ../
drwxr-xr-x 1 Kiran 197121  0 Jun  1 14:22 .git/
drwxr-xr-x 1 Kiran 197121  0 Jun  1 14:26 ./
-rw-r--r-- 1 Kiran 197121 11 Jun  1 14:26 Readme.txt

Kiran@DESKTOP-2GS90TA MINGW64 ~/Desktop/repository (master)
$ git status
On branch master

No commits yet

Untracked files:
  (use "git add <file>..." to include in what will be committed)
        Readme.txt

nothing added to commit but untracked files present (use "git add" to track)

Kiran@DESKTOP-2GS90TA MINGW64 ~/Desktop/repository (master)
$ cat Readme.txt
First File

Kiran@DESKTOP-2GS90TA MINGW64 ~/Desktop/repository (master)
$ git add Readme.txt
warning: LF will be replaced by CRLF in Readme.txt.
The file will have its original line endings in your working directory

Kiran@DESKTOP-2GS90TA MINGW64 ~/Desktop/repository (master)
$ git add .

Kiran@DESKTOP-2GS90TA MINGW64 ~/Desktop/repository (master)
$ git status
On branch master

No commits yet

Changes to be committed:
  (use "git rm --cached <file>..." to unstage)
        new file:   Readme.txt


Kiran@DESKTOP-2GS90TA MINGW64 ~/Desktop/repository (master)
$ git commit -m ""
Aborting commit due to empty commit message.

Kiran@DESKTOP-2GS90TA MINGW64 ~/Desktop/repository (master)
$ git commit -m "First Commit"
[master (root-commit) 47e6867] First Commit
 1 file changed, 1 insertion(+)
 create mode 100644 Readme.txt

Kiran@DESKTOP-2GS90TA MINGW64 ~/Desktop/repository (master)
$ git status
On branch master
nothing to commit, working tree clean

Kiran@DESKTOP-2GS90TA MINGW64 ~/Desktop/repository (master)
$ cat Readme.txt
First File

Kiran@DESKTOP-2GS90TA MINGW64 ~/Desktop/repository (master)
$ echo "Second Content" >> Readme.txt

Kiran@DESKTOP-2GS90TA MINGW64 ~/Desktop/repository (master)
$ git status
On branch master
Changes not staged for commit:
  (use "git add <file>..." to update what will be committed)
  (use "git restore <file>..." to discard changes in working directory)
        modified:   Readme.txt

no changes added to commit (use "git add" and/or "git commit -a")

Kiran@DESKTOP-2GS90TA MINGW64 ~/Desktop/repository (master)
$ git add Readme.txt
warning: LF will be replaced by CRLF in Readme.txt.
The file will have its original line endings in your working directory

Kiran@DESKTOP-2GS90TA MINGW64 ~/Desktop/repository (master)
$ git status
On branch master
Changes to be committed:
  (use "git restore --staged <file>..." to unstage)
        modified:   Readme.txt


Kiran@DESKTOP-2GS90TA MINGW64 ~/Desktop/repository (master)
$ git commit -m "Second commit"
[master dc439e7] Second commit
 1 file changed, 1 insertion(+)

Kiran@DESKTOP-2GS90TA MINGW64 ~/Desktop/repository (master)
$ git status
On branch master
nothing to commit, working tree clean

Kiran@DESKTOP-2GS90TA MINGW64 ~/Desktop/repository (master)
$ git log
commit dc439e752a2ebf87eb9eaa9d6ecc6e937061175e (HEAD -> master)
Author: Basava Kiran <basavakiran134@gmail.com>
Date:   Wed Jun 1 14:44:57 2022 +0530

    Second commit

commit 47e6867fd9b2a739f68a6c948bc9c5932671851d
Author: Basava Kiran <basavakiran134@gmail.com>
Date:   Wed Jun 1 14:38:05 2022 +0530

    First Commit

Kiran@DESKTOP-2GS90TA MINGW64 ~/Desktop/repository (master)
$ git log --oneline
dc439e7 (HEAD -> master) Second commit
47e6867 First Commit

Kiran@DESKTOP-2GS90TA MINGW64 ~/Desktop/repository (master)
$ git status
On branch master
nothing to commit, working tree clean

Kiran@DESKTOP-2GS90TA MINGW64 ~/Desktop/repository (master)
$ echo "Third Content" >> Readme.txt

Kiran@DESKTOP-2GS90TA MINGW64 ~/Desktop/repository (master)
$ git status
On branch master
Changes not staged for commit:
  (use "git add <file>..." to update what will be committed)
  (use "git restore <file>..." to discard changes in working directory)
        modified:   Readme.txt

no changes added to commit (use "git add" and/or "git commit -a")

Kiran@DESKTOP-2GS90TA MINGW64 ~/Desktop/repository (master)
$ git diff
warning: LF will be replaced by CRLF in Readme.txt.
The file will have its original line endings in your working directory
diff --git a/Readme.txt b/Readme.txt
index 334020e..b7dd7d5 100644
--- a/Readme.txt
+++ b/Readme.txt
@@ -1,2 +1,3 @@
 First File
 Second Content
+Third Content

Kiran@DESKTOP-2GS90TA MINGW64 ~/Desktop/repository (master)
$ git diff --staged

Kiran@DESKTOP-2GS90TA MINGW64 ~/Desktop/repository (master)
$ git add Readme.txt
warning: LF will be replaced by CRLF in Readme.txt.
The file will have its original line endings in your working directory

Kiran@DESKTOP-2GS90TA MINGW64 ~/Desktop/repository (master)
$ git diff --staged
diff --git a/Readme.txt b/Readme.txt
index 334020e..b7dd7d5 100644
--- a/Readme.txt
+++ b/Readme.txt
@@ -1,2 +1,3 @@
 First File
 Second Content
+Third Content

Kiran@DESKTOP-2GS90TA MINGW64 ~/Desktop/repository (master)
$ echo "Sample file" >> sample.txt

Kiran@DESKTOP-2GS90TA MINGW64 ~/Desktop/repository (master)
$ git diff

Kiran@DESKTOP-2GS90TA MINGW64 ~/Desktop/repository (master)
$ git add sample.txt
warning: LF will be replaced by CRLF in sample.txt.
The file will have its original line endings in your working directory

Kiran@DESKTOP-2GS90TA MINGW64 ~/Desktop/repository (master)
$ git diff --staged
diff --git a/Readme.txt b/Readme.txt
index 334020e..b7dd7d5 100644
--- a/Readme.txt
+++ b/Readme.txt
@@ -1,2 +1,3 @@
 First File
 Second Content
+Third Content
diff --git a/sample.txt b/sample.txt
new file mode 100644
index 0000000..7696a03
--- /dev/null
+++ b/sample.txt
@@ -0,0 +1 @@
+Sample file

Kiran@DESKTOP-2GS90TA MINGW64 ~/Desktop/repository (master)
$ git log
commit dc439e752a2ebf87eb9eaa9d6ecc6e937061175e (HEAD -> master)
Author: Basava Kiran <basavakiran134@gmail.com>
Date:   Wed Jun 1 14:44:57 2022 +0530

    Second commit

commit 47e6867fd9b2a739f68a6c948bc9c5932671851d
Author: Basava Kiran <basavakiran134@gmail.com>
Date:   Wed Jun 1 14:38:05 2022 +0530

    First Commit

Kiran@DESKTOP-2GS90TA MINGW64 ~/Desktop/repository (master)
$ git diff 47e6867fd9b2a739f68a6c948bc9c5932671851d
diff --git a/Readme.txt b/Readme.txt
index c9e358c..b7dd7d5 100644
--- a/Readme.txt
+++ b/Readme.txt
@@ -1 +1,3 @@
 First File
+Second Content
+Third Content
diff --git a/sample.txt b/sample.txt
new file mode 100644
index 0000000..7696a03
--- /dev/null
+++ b/sample.txt
@@ -0,0 +1 @@
+Sample file

Kiran@DESKTOP-2GS90TA MINGW64 ~/Desktop/repository (master)
$ git diff 47e6867fd9b2a739f68a6c948bc9c5932671851d dc439e752a2ebf87eb9eaa9d6ecc6e937061175e
diff --git a/Readme.txt b/Readme.txt
index c9e358c..334020e 100644
--- a/Readme.txt
+++ b/Readme.txt
@@ -1 +1,2 @@
 First File
+Second Content

Kiran@DESKTOP-2GS90TA MINGW64 ~/Desktop/repository (master)
$ git status
On branch master
Changes to be committed:
  (use "git restore --staged <file>..." to unstage)
        modified:   Readme.txt
        new file:   sample.txt


Kiran@DESKTOP-2GS90TA MINGW64 ~/Desktop/repository (master)
$ git restore --staged Readme.txt

Kiran@DESKTOP-2GS90TA MINGW64 ~/Desktop/repository (master)
$ git status
On branch master
Changes to be committed:
  (use "git restore --staged <file>..." to unstage)
        new file:   sample.txt

Changes not staged for commit:
  (use "git add <file>..." to update what will be committed)
  (use "git restore <file>..." to discard changes in working directory)
        modified:   Readme.txt


Kiran@DESKTOP-2GS90TA MINGW64 ~/Desktop/repository (master)
$ git restore sample.txt

Kiran@DESKTOP-2GS90TA MINGW64 ~/Desktop/repository (master)
$ git status
On branch master
Changes to be committed:
  (use "git restore --staged <file>..." to unstage)
        new file:   sample.txt

Changes not staged for commit:
  (use "git add <file>..." to update what will be committed)
  (use "git restore <file>..." to discard changes in working directory)
        modified:   Readme.txt


Kiran@DESKTOP-2GS90TA MINGW64 ~/Desktop/repository (master)
$ git restore Readme.txt

Kiran@DESKTOP-2GS90TA MINGW64 ~/Desktop/repository (master)
$ git status
On branch master
Changes to be committed:
  (use "git restore --staged <file>..." to unstage)
        new file:   sample.txt


Kiran@DESKTOP-2GS90TA MINGW64 ~/Desktop/repository (master)
$ git reset --hard
HEAD is now at dc439e7 Second commit

Kiran@DESKTOP-2GS90TA MINGW64 ~/Desktop/repository (master)
$ git status
On branch master
nothing to commit, working tree clean

Kiran@DESKTOP-2GS90TA MINGW64 ~/Desktop/repository (master)
$ echo "Demo sample" >> Demo.txt

Kiran@DESKTOP-2GS90TA MINGW64 ~/Desktop/repository (master)
$ git add Demo.txt
warning: LF will be replaced by CRLF in Demo.txt.
The file will have its original line endings in your working directory

Kiran@DESKTOP-2GS90TA MINGW64 ~/Desktop/repository (master)
$ echo "Demo Sample1" >> Demo.txt

Kiran@DESKTOP-2GS90TA MINGW64 ~/Desktop/repository (master)
$ git status
On branch master
Changes to be committed:
  (use "git restore --staged <file>..." to unstage)
        new file:   Demo.txt

Changes not staged for commit:
  (use "git add <file>..." to update what will be committed)
  (use "git restore <file>..." to discard changes in working directory)
        modified:   Demo.txt


Kiran@DESKTOP-2GS90TA MINGW64 ~/Desktop/repository (master)
$ git --hard
unknown option: --hard
usage: git [--version] [--help] [-C <path>] [-c <name>=<value>]
           [--exec-path[=<path>]] [--html-path] [--man-path] [--info-path]
           [-p | --paginate | -P | --no-pager] [--no-replace-objects] [--bare]
           [--git-dir=<path>] [--work-tree=<path>] [--namespace=<name>]
           [--super-prefix=<path>] [--config-env=<name>=<envvar>]
           <command> [<args>]

Kiran@DESKTOP-2GS90TA MINGW64 ~/Desktop/repository (master)
$ git reset --hard
HEAD is now at dc439e7 Second commit

Kiran@DESKTOP-2GS90TA MINGW64 ~/Desktop/repository (master)
$ git status
On branch master
nothing to commit, working tree clean

Kiran@DESKTOP-2GS90TA MINGW64 ~/Desktop/repository (master)
$ git "Sample" >> sample.txt
git: 'Sample' is not a git command. See 'git --help'.

Kiran@DESKTOP-2GS90TA MINGW64 ~/Desktop/repository (master)
$ echo "Sample" >> sample.txt

Kiran@DESKTOP-2GS90TA MINGW64 ~/Desktop/repository (master)
$ git status
On branch master
Untracked files:
  (use "git add <file>..." to include in what will be committed)
        sample.txt

nothing added to commit but untracked files present (use "git add" to track)

Kiran@DESKTOP-2GS90TA MINGW64 ~/Desktop/repository (master)
$ ls -lart
total 10
drwxr-xr-x 1 Kiran 197121  0 Jun  1 14:03 ../
-rw-r--r-- 1 Kiran 197121 28 Jun  1 15:28 Readme.txt
drwxr-xr-x 1 Kiran 197121  0 Jun  1 15:49 ./
-rw-r--r-- 1 Kiran 197121  7 Jun  1 15:49 sample.txt
drwxr-xr-x 1 Kiran 197121  0 Jun  1 15:49 .git/

Kiran@DESKTOP-2GS90TA MINGW64 ~/Desktop/repository (master)
$ git clean
fatal: clean.requireForce defaults to true and neither -i, -n, nor -f given; refusing to clean

Kiran@DESKTOP-2GS90TA MINGW64 ~/Desktop/repository (master)
$ git clean -f
Removing sample.txt

Kiran@DESKTOP-2GS90TA MINGW64 ~/Desktop/repository (master)
$ git clean --help
git
Kiran@DESKTOP-2GS90TA MINGW64 ~/Desktop/repository (master)
$ git status
On branch master
nothing to commit, working tree clean

Kiran@DESKTOP-2GS90TA MINGW64 ~/Desktop/repository (master)
$ git log
commit dc439e752a2ebf87eb9eaa9d6ecc6e937061175e (HEAD -> master)
Author: Basava Kiran <basavakiran134@gmail.com>
Date:   Wed Jun 1 14:44:57 2022 +0530

    Second commit

commit 47e6867fd9b2a739f68a6c948bc9c5932671851d
Author: Basava Kiran <basavakiran134@gmail.com>
Date:   Wed Jun 1 14:38:05 2022 +0530

    First Commit

Kiran@DESKTOP-2GS90TA MINGW64 ~/Desktop/repository (master)
$ git commit --amend
[master ae35a41] Second commit
 Date: Wed Jun 1 14:44:57 2022 +0530
 1 file changed, 1 insertion(+)

Kiran@DESKTOP-2GS90TA MINGW64 ~/Desktop/repository (master)
$ git commit --amend -m "Second new commit"
[master a890bf8] Second new commit
 Date: Wed Jun 1 14:44:57 2022 +0530
 1 file changed, 1 insertion(+)

Kiran@DESKTOP-2GS90TA MINGW64 ~/Desktop/repository (master)
$ git log
commit a890bf8064b23af855d4af0d24f6eb9373bb9192 (HEAD -> master)
Author: Basava Kiran <basavakiran134@gmail.com>
Date:   Wed Jun 1 14:44:57 2022 +0530

    Second new commit

commit 47e6867fd9b2a739f68a6c948bc9c5932671851d
Author: Basava Kiran <basavakiran134@gmail.com>
Date:   Wed Jun 1 14:38:05 2022 +0530

    First Commit

Kiran@DESKTOP-2GS90TA MINGW64 ~/Desktop/repository (master)
$ git commit --amend
[master 9e3b687] Second commit
 Date: Wed Jun 1 14:44:57 2022 +0530
 1 file changed, 1 insertion(+)

Kiran@DESKTOP-2GS90TA MINGW64 ~/Desktop/repository (master)
$ git log
commit 9e3b6874b7a1e970fc254a17ec08c4b8a4bf5e55 (HEAD -> master)
Author: Basava Kiran <basavakiran134@gmail.com>
Date:   Wed Jun 1 14:44:57 2022 +0530

    Second commit

commit 47e6867fd9b2a739f68a6c948bc9c5932671851d
Author: Basava Kiran <basavakiran134@gmail.com>
Date:   Wed Jun 1 14:38:05 2022 +0530

    First Commit

Kiran@DESKTOP-2GS90TA MINGW64 ~/Desktop/repository (master)
$ git status
On branch master
nothing to commit, working tree clean

Kiran@DESKTOP-2GS90TA MINGW64 ~/Desktop/repository (master)
$ echo "sample content" >> sample.txt

Kiran@DESKTOP-2GS90TA MINGW64 ~/Desktop/repository (master)
$ git add sample.txt
warning: LF will be replaced by CRLF in sample.txt.
The file will have its original line endings in your working directory

Kiran@DESKTOP-2GS90TA MINGW64 ~/Desktop/repository (master)
$ git status
On branch master
Changes to be committed:
  (use "git restore --staged <file>..." to unstage)
        new file:   sample.txt


Kiran@DESKTOP-2GS90TA MINGW64 ~/Desktop/repository (master)
$ git commit --amend
[master eccb92e] Second commit
 Date: Wed Jun 1 14:44:57 2022 +0530
 2 files changed, 2 insertions(+)
 create mode 100644 sample.txt

Kiran@DESKTOP-2GS90TA MINGW64 ~/Desktop/repository (master)
$ git log
commit eccb92ea9a941fa6b4d6a4c375c24e5339ed95a0 (HEAD -> master)
Author: Basava Kiran <basavakiran134@gmail.com>
Date:   Wed Jun 1 14:44:57 2022 +0530

    Second commit

commit 47e6867fd9b2a739f68a6c948bc9c5932671851d
Author: Basava Kiran <basavakiran134@gmail.com>
Date:   Wed Jun 1 14:38:05 2022 +0530

    First Commit

Kiran@DESKTOP-2GS90TA MINGW64 ~/Desktop/repository (master)
$ echo "sample" >> Readme.txt

Kiran@DESKTOP-2GS90TA MINGW64 ~/Desktop/repository (master)
$ git add Readme.txt
warning: LF will be replaced by CRLF in Readme.txt.
The file will have its original line endings in your working directory

Kiran@DESKTOP-2GS90TA MINGW64 ~/Desktop/repository (master)
$ git status
On branch master
Changes to be committed:
  (use "git restore --staged <file>..." to unstage)
        modified:   Readme.txt


Kiran@DESKTOP-2GS90TA MINGW64 ~/Desktop/repository (master)
$ echo "content" >> Readme.txt

Kiran@DESKTOP-2GS90TA MINGW64 ~/Desktop/repository (master)
$ git status
On branch master
Changes to be committed:
  (use "git restore --staged <file>..." to unstage)
        modified:   Readme.txt

Changes not staged for commit:
  (use "git add <file>..." to update what will be committed)
  (use "git restore <file>..." to discard changes in working directory)
        modified:   Readme.txt


Kiran@DESKTOP-2GS90TA MINGW64 ~/Desktop/repository (master)
$ git add Readme.txt
warning: LF will be replaced by CRLF in Readme.txt.
The file will have its original line endings in your working directory

Kiran@DESKTOP-2GS90TA MINGW64 ~/Desktop/repository (master)
$ git status
On branch master
Changes to be committed:
  (use "git restore --staged <file>..." to unstage)
        modified:   Readme.txt


Kiran@DESKTOP-2GS90TA MINGW64 ~/Desktop/repository (master)
$ git reset --hard
HEAD is now at eccb92e Second commit

Kiran@DESKTOP-2GS90TA MINGW64 ~/Desktop/repository (master)
$ git log
commit eccb92ea9a941fa6b4d6a4c375c24e5339ed95a0 (HEAD -> master)
Author: Basava Kiran <basavakiran134@gmail.com>
Date:   Wed Jun 1 14:44:57 2022 +0530

    Second commit

commit 47e6867fd9b2a739f68a6c948bc9c5932671851d
Author: Basava Kiran <basavakiran134@gmail.com>
Date:   Wed Jun 1 14:38:05 2022 +0530

    First Commit

Kiran@DESKTOP-2GS90TA MINGW64 ~/Desktop/repository (master)
$ git show eccb92ea9a941fa6b4d6a4c375c24e5339ed95a0
commit eccb92ea9a941fa6b4d6a4c375c24e5339ed95a0 (HEAD -> master)
Author: Basava Kiran <basavakiran134@gmail.com>
Date:   Wed Jun 1 14:44:57 2022 +0530

    Second commit

diff --git a/Readme.txt b/Readme.txt
index c9e358c..334020e 100644
--- a/Readme.txt
+++ b/Readme.txt
@@ -1 +1,2 @@
 First File
+Second Content
diff --git a/sample.txt b/sample.txt
new file mode 100644
index 0000000..4b4f223
--- /dev/null
+++ b/sample.txt
@@ -0,0 +1 @@
+sample content

Kiran@DESKTOP-2GS90TA MINGW64 ~/Desktop/repository (master)
$ ls -lart
total 10
drwxr-xr-x 1 Kiran 197121  0 Jun  1 14:03 ../
-rw-r--r-- 1 Kiran 197121 15 Jun  1 16:04 sample.txt
drwxr-xr-x 1 Kiran 197121  0 Jun  1 16:08 ./
-rw-r--r-- 1 Kiran 197121 28 Jun  1 16:08 Readme.txt
drwxr-xr-x 1 Kiran 197121  0 Jun  1 16:08 .git/

Kiran@DESKTOP-2GS90TA MINGW64 ~/Desktop/repository (master)
$ git rm sample.txt
rm 'sample.txt'

Kiran@DESKTOP-2GS90TA MINGW64 ~/Desktop/repository (master)
$ git status
On branch master
Changes to be committed:
  (use "git restore --staged <file>..." to unstage)
        deleted:    sample.txt


Kiran@DESKTOP-2GS90TA MINGW64 ~/Desktop/repository (master)
$ git commit -m "Deleting file"
[master 886c22b] Deleting file
 1 file changed, 1 deletion(-)
 delete mode 100644 sample.txt

Kiran@DESKTOP-2GS90TA MINGW64 ~/Desktop/repository (master)
$ git status
On branch master
nothing to commit, working tree clean

Kiran@DESKTOP-2GS90TA MINGW64 ~/Desktop/repository (master)
$ ls -lart
total 9
drwxr-xr-x 1 Kiran 197121  0 Jun  1 14:03 ../
-rw-r--r-- 1 Kiran 197121 28 Jun  1 16:08 Readme.txt
drwxr-xr-x 1 Kiran 197121  0 Jun  1 16:16 ./
drwxr-xr-x 1 Kiran 197121  0 Jun  1 16:18 .git/

Kiran@DESKTOP-2GS90TA MINGW64 ~/Desktop/repository (master)
$ git log --oneline
886c22b (HEAD -> master) Deleting file
eccb92e Second commit
47e6867 First Commit

Kiran@DESKTOP-2GS90TA MINGW64 ~/Desktop/repository (master)
$ ls -lart
total 9
drwxr-xr-x 1 Kiran 197121  0 Jun  1 14:03 ../
-rw-r--r-- 1 Kiran 197121 28 Jun  1 16:08 Readme.txt
drwxr-xr-x 1 Kiran 197121  0 Jun  1 16:16 ./
drwxr-xr-x 1 Kiran 197121  0 Jun  1 16:18 .git/

Kiran@DESKTOP-2GS90TA MINGW64 ~/Desktop/repository (master)
$ echo  "sample.txt" >.gitignore

Kiran@DESKTOP-2GS90TA MINGW64 ~/Desktop/repository (master)
$ git status
On branch master
Untracked files:
  (use "git add <file>..." to include in what will be committed)
        .gitignore

nothing added to commit but untracked files present (use "git add" to track)

Kiran@DESKTOP-2GS90TA MINGW64 ~/Desktop/repository (master)
$ git add .gitignore
warning: LF will be replaced by CRLF in .gitignore.
The file will have its original line endings in your working directory

Kiran@DESKTOP-2GS90TA MINGW64 ~/Desktop/repository (master)
$ ls -lart
total 10
drwxr-xr-x 1 Kiran 197121  0 Jun  1 14:03 ../
-rw-r--r-- 1 Kiran 197121 28 Jun  1 16:08 Readme.txt
-rw-r--r-- 1 Kiran 197121 11 Jun  1 16:30 .gitignore
drwxr-xr-x 1 Kiran 197121  0 Jun  1 16:30 ./
drwxr-xr-x 1 Kiran 197121  0 Jun  1 16:31 .git/

Kiran@DESKTOP-2GS90TA MINGW64 ~/Desktop/repository (master)
$ echo "sample" >> sample.txt

Kiran@DESKTOP-2GS90TA MINGW64 ~/Desktop/repository (master)
$ cat .gitignore
sample.txt

Kiran@DESKTOP-2GS90TA MINGW64 ~/Desktop/repository (master)
$ git status
On branch master
Changes to be committed:
  (use "git restore --staged <file>..." to unstage)
        new file:   .gitignore


Kiran@DESKTOP-2GS90TA MINGW64 ~/Desktop/repository (master)
$ ls -lart
total 15
drwxr-xr-x 1 Kiran 197121  0 Jun  1 14:03 ../
-rw-r--r-- 1 Kiran 197121 28 Jun  1 16:08 Readme.txt
-rw-r--r-- 1 Kiran 197121 11 Jun  1 16:30 .gitignore
drwxr-xr-x 1 Kiran 197121  0 Jun  1 16:32 ./
-rw-r--r-- 1 Kiran 197121  7 Jun  1 16:32 sample.txt
drwxr-xr-x 1 Kiran 197121  0 Jun  1 16:32 .git/

Kiran@DESKTOP-2GS90TA MINGW64 ~/Desktop/repository (master)
$ git mv sample.txt sample
fatal: not under version control, source=sample.txt, destination=sample

Kiran@DESKTOP-2GS90TA MINGW64 ~/Desktop/repository (master)
$ git mv sample.txt sample.md
fatal: not under version control, source=sample.txt, destination=sample.md

Kiran@DESKTOP-2GS90TA MINGW64 ~/Desktop/repository (master)
$ git status
On branch master
Changes to be committed:
  (use "git restore --staged <file>..." to unstage)
        new file:   .gitignore


Kiran@DESKTOP-2GS90TA MINGW64 ~/Desktop/repository (master)
$ git mv Readme.txt Readme.md

Kiran@DESKTOP-2GS90TA MINGW64 ~/Desktop/repository (master)
$ git status
On branch master
Changes to be committed:
  (use "git restore --staged <file>..." to unstage)
        new file:   .gitignore
        renamed:    Readme.txt -> Readme.md


Kiran@DESKTOP-2GS90TA MINGW64 ~/Desktop/repository (master)
$





 160  mkdir repository
  161  cd repository
  162  ls -lart
  163  git init
  164  git config --global --list
  165  git config --local --list
  166  git config --system --list
  167  ls -lart
  168  git config Phone.Number "9535352050"
  169  git config --global --list
  170  git config --global Phone.Number "9535352050"
  171  git config --global --list
  172  cat ~/.gitconfig
  173  cat .git/config
  174  git status
  175  echo "First File"
  176  echo "First File" >> Readme.txt
  177  ls -lart
  178  git status
  179  cat Readme.txt
  180  git add Readme.txt
  181  git add .
  182  git status
  183  git commit -m ""
  184  git commit -m "First Commit"
  185  git status
  186  cat Readme.txt
  187  echo "Second Content" >> Readme.txt
  188  git status
  189  git add Readme.txt
  190  git status
  191  git commit -m "Second commit"
  192  git status
  193  git log
  194  git log --oneline
  195  git status
  196  echo "Third Content" >> Readme.txt
  197  git status
  198  git diff
  199  git diff --staged
  200  git add Readme.txt
  201  git diff --staged
  202  echo "Sample file" >> sample.txt
  203  git diff
  204  git add sample.txt
  205  git diff --staged
  206  git log
  207  git diff 47e6867fd9b2a739f68a6c948bc9c5932671851d
  208  git diff 47e6867fd9b2a739f68a6c948bc9c5932671851d dc439e752a2ebf87eb9eaa9d6ecc6e937061175e
  209  git status
  210  git restore --staged Readme.txt
  211  git status
  212  git restore sample.txt
  213  git status
  214  git restore Readme.txt
  215  git status
  216  git reset --hard
  217  git status
  218  echo "Demo sample" >> Demo.txt
  219  git add Demo.txt
  220  echo "Demo Sample1" >> Demo.txt
  221  git status
  222  git --hard
  223  git reset --hard
  224  git status
  225  git "Sample" >> sample.txt
  226  echo "Sample" >> sample.txt
  227  git status
  228  ls -lart
  229  git clean
  230  git clean -f
  231  git clean --help
  232  git status
  233  git log
  234  git commit --amend
  235  git commit --amend -m "Second new commit"
  236  git log
  237  git commit --amend
  238  git log
  239  git status
  240  echo "sample content" >> sample.txt
  241  git add sample.txt
  242  git status
  243  git commit --amend
  244  git log
  245  echo "sample" >> Readme.txt
  246  git add Readme.txt
  247  git status
  248  echo "content" >> Readme.txt
  249  git status
  250  git add Readme.txt
  251  git status
  252  git reset --hard
  253  git log
  254  git show eccb92ea9a941fa6b4d6a4c375c24e5339ed95a0
  255  ls -lart
  256  git rm sample.txt
  257  git status
  258  git commit -m "Deleting file"
  259  git status
  260  ls -lart
  261  git log --oneline
  262  ls -lart
  263  echo  "sample.txt" >.gitignore
  264  git status
  265  git add .gitignore
  266  ls -lart
  267  echo "sample" >> sample.txt
  268  cat .gitignore
  269  git status
  270  ls -lart
  271  git mv sample.txt sample
  272  git mv sample.txt sample.md
  273  git status
  274  git mv Readme.txt Readme.md
  275  git status
  276  history
